// Jest Snapshot v1, https://goo.gl/fbAQLP

exports[`<SearchInput /> should match snapshot 1`] = `
<div>
  <input
    class="search-input"
    placeholder="Pesquisar..."
    type="search"
    value="value"
  />
</div>
`;
